[     237ms] [INFO] %cDownload the React DevTools for a better development experience: https://react.dev/link/react-devtools font-weight:bold @ webpack-internal:///(app-pages-browser)/./node_modules/next/dist/compiled/react-dom/cjs/react-dom-client.development.js:25630
[  279307ms] [LOG] [Fast Refresh] rebuilding @ webpack-internal:///(app-pages-browser)/./node_modules/next/dist/client/dev/hot-reloader/app/hot-reloader-app.js:183
[  279451ms] [LOG] [Fast Refresh] done in 145ms @ webpack-internal:///(app-pages-browser)/./node_modules/next/dist/client/dev/report-hmr-latency.js:13
[  279484ms] [ERROR] Failed to load resource: the server responded with a status of 404 (Not Found) @ http://localhost:3100/_next/static/css/app/layout.css?v=1782814832375:0
[  279492ms] [ERROR] Failed to load resource: the server responded with a status of 404 (Not Found) @ http://localhost:3100/_next/static/css/app/privacy/page.css?v=1782814832375:0
[  279498ms] Event
[  279499ms] Event
[  302229ms] [LOG] [Fast Refresh] rebuilding @ webpack-internal:///(app-pages-browser)/./node_modules/next/dist/client/dev/hot-reloader/app/hot-reloader-app.js:183
[  302306ms] [LOG] [Fast Refresh] done in 77ms @ webpack-internal:///(app-pages-browser)/./node_modules/next/dist/client/dev/report-hmr-latency.js:13
[  302326ms] [ERROR] Failed to load resource: the server responded with a status of 404 (Not Found) @ http://localhost:3100/_next/static/css/app/layout.css?v=1782814855227:0
[  302333ms] [ERROR] Failed to load resource: the server responded with a status of 404 (Not Found) @ http://localhost:3100/_next/static/css/app/privacy/page.css?v=1782814855227:0
[  302335ms] Event
[  302335ms] Event
[  347179ms] [LOG] [Fast Refresh] rebuilding @ webpack-internal:///(app-pages-browser)/./node_modules/next/dist/client/dev/hot-reloader/app/hot-reloader-app.js:183
[  347252ms] [LOG] [Fast Refresh] done in 73ms @ webpack-internal:///(app-pages-browser)/./node_modules/next/dist/client/dev/report-hmr-latency.js:13
[  347273ms] [ERROR] Failed to load resource: the server responded with a status of 404 (Not Found) @ http://localhost:3100/_next/static/css/app/layout.css?v=1782814900175:0
[  347278ms] [ERROR] Failed to load resource: the server responded with a status of 404 (Not Found) @ http://localhost:3100/_next/static/css/app/privacy/page.css?v=1782814900175:0
[  347281ms] Event
[  347281ms] Event
[29865651ms] [LOG] [Fast Refresh] rebuilding @ webpack-internal:///(app-pages-browser)/./node_modules/next/dist/client/dev/hot-reloader/app/hot-reloader-app.js:183
[29866161ms] [LOG] [Fast Refresh] done in 510ms @ webpack-internal:///(app-pages-browser)/./node_modules/next/dist/client/dev/report-hmr-latency.js:13
[29866656ms] [ERROR] Failed to load resource: the server responded with a status of 500 (Internal Server Error) @ http://localhost:3100/privacy/?_rsc=WZOvreNYhwTXht7l:0
[29866885ms] [ERROR] Failed to load resource: the server responded with a status of 500 (Internal Server Error) @ http://localhost:3100/privacy/?_rsc=WZOvreNYhwTXht7l:0
[29867240ms] [ERROR] Failed to load resource: the server responded with a status of 500 (Internal Server Error) @ http://localhost:3100/privacy/?_rsc=WZOvreNYhwTXht7l:0
[29867482ms] [ERROR] Failed to load resource: the server responded with a status of 500 (Internal Server Error) @ http://localhost:3100/privacy/:0
[29867647ms] [INFO] %cDownload the React DevTools for a better development experience: https://reactjs.org/link/react-devtools font-weight:bold @ webpack-internal:///(pages-dir-browser)/./node_modules/react-dom/cjs/react-dom.development.js:29889
[29867694ms] Error: Cannot find module './102.js'
Require stack:
- /Users/kubotaryousuke/Desktop/noah-hp/.next/server/webpack-runtime.js
- /Users/kubotaryousuke/Desktop/noah-hp/.next/server/pages/_document.js
- /Users/kubotaryousuke/Desktop/noah-hp/node_modules/next/dist/server/require.js
- /Users/kubotaryousuke/Desktop/noah-hp/node_modules/next/dist/server/load-components.js
- /Users/kubotaryousuke/Desktop/noah-hp/node_modules/next/dist/build/utils.js
- /Users/kubotaryousuke/Desktop/noah-hp/node_modules/next/dist/build/swc/options.js
- /Users/kubotaryousuke/Desktop/noah-hp/node_modules/next/dist/build/swc/index.js
- /Users/kubotaryousuke/Desktop/noah-hp/node_modules/next/dist/build/next-config-ts/transpile-config.js
- /Users/kubotaryousuke/Desktop/noah-hp/node_modules/next/dist/server/config.js
- /Users/kubotaryousuke/Desktop/noah-hp/node_modules/next/dist/server/next.js
- /Users/kubotaryousuke/Desktop/noah-hp/node_modules/next/dist/server/lib/start-server.js
    at Function.<anonymous> (node:internal/modules/cjs/loader:1244:15)
    at <unknown> (file:///Users/kubotaryousuke/Desktop/noah-hp/node_modules/next/dist/server/require-hook.js:57:36)
    at Function._load (node:internal/modules/cjs/loader:1070:27)
    at TracingChannel.traceSync (node:diagnostics_channel:322:14)
    at wrapModuleLoad (node:internal/modules/cjs/loader:217:24)
    at Module.<anonymous> (node:internal/modules/cjs/loader:1335:12)
    at mod.require (file:///Users/kubotaryousuke/Desktop/noah-hp/node_modules/next/dist/server/require-hook.js:68:28)
    at require (node:internal/modules/helpers:136:16)
    at __webpack_require__.f.require (file:///Users/kubotaryousuke/Desktop/noah-hp/.next/server/webpack-runtime.js:190:28)
    at <unknown> (file:///Users/kubotaryousuke/Desktop/noah-hp/.next/server/webpack-runtime.js:103:40)
    at Array.reduce (<anonymous>)
    at __webpack_require__.e (file:///Users/kubotaryousuke/Desktop/noah-hp/.next/server/webpack-runtime.js:102:67)
    at Array.map (<anonymous>)
    at __webpack_require__.X (file:///Users/kubotaryousuke/Desktop/noah-hp/.next/server/webpack-runtime.js:154:22)
    at <unknown> (file:///Users/kubotaryousuke/Desktop/noah-hp/.next/server/app/privacy/page.js:2:13132)
    at Object.<anonymous> (file:///Users/kubotaryousuke/Desktop/noah-hp/.next/server/app/privacy/page.js:2:13185)
    at Module._compile (node:internal/modules/cjs/loader:1562:14)
    at Object..js (node:internal/modules/cjs/loader:1699:10)
    at Module.load (node:internal/modules/cjs/loader:1313:32)
    at Function._load (node:internal/modules/cjs/loader:1123:12)
    at TracingChannel.traceSync (node:diagnostics_channel:322:14)
    at wrapModuleLoad (node:internal/modules/cjs/loader:217:24)
    at Module.<anonymous> (node:internal/modules/cjs/loader:1335:12)
    at mod.require (file:///Users/kubotaryousuke/Desktop/noah-hp/node_modules/next/dist/server/require-hook.js:68:28)
    at require (node:internal/modules/helpers:136:16)
    at requirePage (file:///Users/kubotaryousuke/Desktop/noah-hp/node_modules/next/dist/server/require.js:99:80)
    at loadComponentsImpl (file:///Users/kubotaryousuke/Desktop/noah-hp/node_modules/next/dist/server/load-components.js:132:57)
    at async DevServer.findPageComponentsImpl (file:///Users/kubotaryousuke/Desktop/noah-hp/node_modules/next/dist/server/next-server.js:900:36)
    at async DevServer.findPageComponents (file:///Users/kubotaryousuke/Desktop/noah-hp/node_modules/next/dist/server/dev/next-dev-server.js:706:16)
    at async DevServer.renderPageComponent (file:///Users/kubotaryousuke/Desktop/noah-hp/node_modules/next/dist/server/base-server.js:1468:24)
    at async DevServer.renderToResponseImpl (file:///Users/kubotaryousuke/Desktop/noah-hp/node_modules/next/dist/server/base-server.js:1522:32)
    at async DevServer.pipeImpl (file:///Users/kubotaryousuke/Desktop/noah-hp/node_modules/next/dist/server/base-server.js:1026:25)
    at async NextNodeServer.handleCatchallRenderRequest (file:///Users/kubotaryousuke/Desktop/noah-hp/node_modules/next/dist/server/next-server.js:394:17)
    at async DevServer.handleRequestImpl (file:///Users/kubotaryousuke/Desktop/noah-hp/node_modules/next/dist/server/base-server.js:917:17)
    at async (file:///Users/kubotaryousuke/Desktop/noah-hp/node_modules/next/dist/server/dev/next-dev-server.js:400:20)
    at async Span.traceAsyncFn (file:///Users/kubotaryousuke/Desktop/noah-hp/node_modules/next/dist/trace/trace.js:157:20)
    at async DevServer.handleRequest (file:///Users/kubotaryousuke/Desktop/noah-hp/node_modules/next/dist/server/dev/next-dev-server.js:396:24)
    at async invokeRender (file:///Users/kubotaryousuke/Desktop/noah-hp/node_modules/next/dist/server/lib/router-server.js:240:21)
    at async handleRequest (file:///Users/kubotaryousuke/Desktop/noah-hp/node_modules/next/dist/server/lib/router-server.js:437:24)
    at async requestHandlerImpl (file:///Users/kubotaryousuke/Desktop/noah-hp/node_modules/next/dist/server/lib/router-server.js:485:13)
    at async Server.requestListener (file:///Users/kubotaryousuke/Desktop/noah-hp/node_modules/next/dist/server/lib/start-server.js:226:13)
[29867693ms] [LOG] [HMR] connected @ webpack-internal:///(pages-dir-browser)/./node_modules/next/dist/client/dev/hot-reloader/pages/websocket.js:45
[29962610ms] [ERROR] WebSocket connection to 'ws://localhost:3100/_next/webpack-hmr' failed:  @ webpack-internal:///(pages-dir-browser)/./node_modules/next/dist/client/dev/hot-reloader/pages/websocket.js:88
[29963612ms] [ERROR] WebSocket connection to 'ws://localhost:3100/_next/webpack-hmr' failed:  @ webpack-internal:///(pages-dir-browser)/./node_modules/next/dist/client/dev/hot-reloader/pages/websocket.js:88
[29964614ms] [ERROR] WebSocket connection to 'ws://localhost:3100/_next/webpack-hmr' failed:  @ webpack-internal:///(pages-dir-browser)/./node_modules/next/dist/client/dev/hot-reloader/pages/websocket.js:88
[29965615ms] [ERROR] WebSocket connection to 'ws://localhost:3100/_next/webpack-hmr' failed:  @ webpack-internal:///(pages-dir-browser)/./node_modules/next/dist/client/dev/hot-reloader/pages/websocket.js:88
[29966617ms] [ERROR] WebSocket connection to 'ws://localhost:3100/_next/webpack-hmr' failed:  @ webpack-internal:///(pages-dir-browser)/./node_modules/next/dist/client/dev/hot-reloader/pages/websocket.js:88
[29971618ms] [ERROR] WebSocket connection to 'ws://localhost:3100/_next/webpack-hmr' failed:  @ webpack-internal:///(pages-dir-browser)/./node_modules/next/dist/client/dev/hot-reloader/pages/websocket.js:88
[29976620ms] [ERROR] WebSocket connection to 'ws://localhost:3100/_next/webpack-hmr' failed:  @ webpack-internal:///(pages-dir-browser)/./node_modules/next/dist/client/dev/hot-reloader/pages/websocket.js:88
[29981622ms] [ERROR] WebSocket connection to 'ws://localhost:3100/_next/webpack-hmr' failed:  @ webpack-internal:///(pages-dir-browser)/./node_modules/next/dist/client/dev/hot-reloader/pages/websocket.js:88
[29986625ms] [ERROR] WebSocket connection to 'ws://localhost:3100/_next/webpack-hmr' failed:  @ webpack-internal:///(pages-dir-browser)/./node_modules/next/dist/client/dev/hot-reloader/pages/websocket.js:88
[29991628ms] [ERROR] WebSocket connection to 'ws://localhost:3100/_next/webpack-hmr' failed:  @ webpack-internal:///(pages-dir-browser)/./node_modules/next/dist/client/dev/hot-reloader/pages/websocket.js:88
[29996631ms] [ERROR] WebSocket connection to 'ws://localhost:3100/_next/webpack-hmr' failed:  @ webpack-internal:///(pages-dir-browser)/./node_modules/next/dist/client/dev/hot-reloader/pages/websocket.js:88
[30001635ms] [ERROR] WebSocket connection to 'ws://localhost:3100/_next/webpack-hmr' failed:  @ webpack-internal:///(pages-dir-browser)/./node_modules/next/dist/client/dev/hot-reloader/pages/websocket.js:88
[30006641ms] [ERROR] WebSocket connection to 'ws://localhost:3100/_next/webpack-hmr' failed:  @ webpack-internal:///(pages-dir-browser)/./node_modules/next/dist/client/dev/hot-reloader/pages/websocket.js:88
[30011646ms] [ERROR] WebSocket connection to 'ws://localhost:3100/_next/webpack-hmr' failed:  @ webpack-internal:///(pages-dir-browser)/./node_modules/next/dist/client/dev/hot-reloader/pages/websocket.js:88
[30016664ms] [ERROR] WebSocket connection to 'ws://localhost:3100/_next/webpack-hmr' failed:  @ webpack-internal:///(pages-dir-browser)/./node_modules/next/dist/client/dev/hot-reloader/pages/websocket.js:88
[30021672ms] [ERROR] WebSocket connection to 'ws://localhost:3100/_next/webpack-hmr' failed:  @ webpack-internal:///(pages-dir-browser)/./node_modules/next/dist/client/dev/hot-reloader/pages/websocket.js:88
[30026693ms] [ERROR] WebSocket connection to 'ws://localhost:3100/_next/webpack-hmr' failed:  @ webpack-internal:///(pages-dir-browser)/./node_modules/next/dist/client/dev/hot-reloader/pages/websocket.js:88
[30031705ms] [ERROR] WebSocket connection to 'ws://localhost:3100/_next/webpack-hmr' failed:  @ webpack-internal:///(pages-dir-browser)/./node_modules/next/dist/client/dev/hot-reloader/pages/websocket.js:88
[30036724ms] [ERROR] WebSocket connection to 'ws://localhost:3100/_next/webpack-hmr' failed:  @ webpack-internal:///(pages-dir-browser)/./node_modules/next/dist/client/dev/hot-reloader/pages/websocket.js:88
[30041756ms] [ERROR] WebSocket connection to 'ws://localhost:3100/_next/webpack-hmr' failed:  @ webpack-internal:///(pages-dir-browser)/./node_modules/next/dist/client/dev/hot-reloader/pages/websocket.js:88
[30046854ms] [ERROR] WebSocket connection to 'ws://localhost:3100/_next/webpack-hmr' failed:  @ webpack-internal:///(pages-dir-browser)/./node_modules/next/dist/client/dev/hot-reloader/pages/websocket.js:88
[30051978ms] [ERROR] WebSocket connection to 'ws://localhost:3100/_next/webpack-hmr' failed:  @ webpack-internal:///(pages-dir-browser)/./node_modules/next/dist/client/dev/hot-reloader/pages/websocket.js:88
[30057086ms] [ERROR] WebSocket connection to 'ws://localhost:3100/_next/webpack-hmr' failed:  @ webpack-internal:///(pages-dir-browser)/./node_modules/next/dist/client/dev/hot-reloader/pages/websocket.js:88
[30062286ms] [ERROR] WebSocket connection to 'ws://localhost:3100/_next/webpack-hmr' failed:  @ webpack-internal:///(pages-dir-browser)/./node_modules/next/dist/client/dev/hot-reloader/pages/websocket.js:88
[30067619ms] [ERROR] WebSocket connection to 'ws://localhost:3100/_next/webpack-hmr' failed:  @ webpack-internal:///(pages-dir-browser)/./node_modules/next/dist/client/dev/hot-reloader/pages/websocket.js:88
